// Jest Snapshot v1, https://goo.gl/fbAQLP

exports[`HighlightString Component matches snapshot 1`] = `
<Text
  style={
    [
      {
        "color": "#F6F6F6",
        "fontFamily": "Inter",
        "textAlign": "center",
      },
      {
        "fontSize": 20,
        "fontWeight": "400",
      },
    ]
  }
>
  <Text>
    Test 
  </Text>
  <Text
    style={
      {
        "color": "#BADE5B",
        "fontWeight": "bold",
      }
    }
  >
    42
  </Text>
  <Text />
  <Text
    style={
      {
        "color": "#D567FA",
        "fontWeight": "bold",
      }
    }
  >
    ,
  </Text>
  <Text>
     wow
  </Text>
  <Text
    style={
      {
        "color": "#D567FA",
        "fontWeight": "bold",
      }
    }
  >
    !
  </Text>
  <Text />
</Text>
`;
