// Jest Snapshot v1, https://goo.gl/fbAQLP

exports[`ButtonThin Component matches snapshot 1`] = `
<View
  accessibilityState={
    {
      "busy": undefined,
      "checked": undefined,
      "disabled": undefined,
      "expanded": undefined,
      "selected": undefined,
    }
  }
  accessibilityValue={
    {
      "max": undefined,
      "min": undefined,
      "now": undefined,
      "text": undefined,
    }
  }
  accessible={true}
  activeOpacity={0.8}
  collapsable={false}
  focusable={true}
  onBlur={[Function]}
  onClick={[Function]}
  onFocus={[Function]}
  onResponderGrant={[Function]}
  onResponderMove={[Function]}
  onResponderRelease={[Function]}
  onResponderTerminate={[Function]}
  onResponderTerminationRequest={[Function]}
  onStartShouldSetResponder={[Function]}
  style={
    {
      "alignItems": "center",
      "alignSelf": "flex-start",
      "backgroundColor": "#050B06",
      "borderColor": "#050B06",
      "borderRadius": 20,
      "borderWidth": 1,
      "flexDirection": "row",
      "gap": 10,
      "justifyContent": "center",
      "padding": 10,
      "paddingHorizontal": 15,
    }
  }
>
  <Text
    testID="dummy-icon"
  >
    Icon 21 #BADE5B
  </Text>
  <Text
    style={
      {
        "color": "#BADE5B",
        "fontFamily": "Inter",
        "fontSize": 16,
        "fontWeight": "400",
      }
    }
  >
    Thin Button
  </Text>
</View>
`;
