// Jest Snapshot v1, https://goo.gl/fbAQLP

exports[`ButtonPrimary Component matches snapshot for a small, stretched button 1`] = `
<View
  accessibilityState={
    {
      "busy": undefined,
      "checked": undefined,
      "disabled": false,
      "expanded": undefined,
      "selected": undefined,
    }
  }
  accessibilityValue={
    {
      "max": undefined,
      "min": undefined,
      "now": undefined,
      "text": undefined,
    }
  }
  accessible={true}
  collapsable={false}
  focusable={true}
  onBlur={[Function]}
  onClick={[Function]}
  onFocus={[Function]}
  onResponderGrant={[Function]}
  onResponderMove={[Function]}
  onResponderRelease={[Function]}
  onResponderTerminate={[Function]}
  onResponderTerminationRequest={[Function]}
  onStartShouldSetResponder={[Function]}
  style={
    [
      {
        "alignItems": "center",
        "backgroundColor": "#BADE5B",
        "borderColor": "#BADE5B",
        "flexGrow": 0,
        "justifyContent": "center",
      },
      {
        "alignSelf": "flex-start",
        "borderRadius": 10,
        "borderWidth": 1,
        "padding": 10,
        "paddingHorizontal": 15,
        "width": "auto",
      },
      {
        "alignSelf": "stretch",
        "width": "100%",
      },
      false,
    ]
  }
>
  <Text
    style={
      [
        {
          "color": "#050B06",
          "fontFamily": "Inter",
          "fontStyle": "normal",
        },
        {
          "fontSize": 12,
          "fontWeight": "600",
        },
      ]
    }
  >
    Primary Button
  </Text>
</View>
`;
