// Jest Snapshot v1, https://goo.gl/fbAQLP

exports[`Radio renders all options and matches snapshot 1`] = `
<div
  className="margin-x1ghz6dp padding-x1717udv"
  data-element-src="Radio/Radio.tsx:25"
  data-style-src="react-strict-dom:web/runtime.js"
  role="radiogroup"
  style={{}}
>
  <div
    aria-checked={true}
    className="margin-x1ghz6dp padding-x1717udv"
    data-element-src="Radio/Radio.tsx:36"
    data-style-src="react-strict-dom:web/runtime.js"
    onClick={[Function]}
    role="radio"
    style={{}}
    tabIndex={0}
  >
    <div
      aria-hidden={true}
      className="margin-x1ghz6dp padding-x1717udv"
      data-element-src="Radio/Radio.tsx:50"
      data-style-src="react-strict-dom:web/runtime.js"
      style={{}}
    >
      <div
        className="margin-x1ghz6dp padding-x1717udv"
        data-element-src="Radio/Radio.tsx:58"
        data-style-src="react-strict-dom:web/runtime.js"
        style={{}}
      />
    </div>
    <div
      className="margin-x1ghz6dp padding-x1717udv"
      data-element-src="Radio/Radio.tsx:62"
      data-style-src="react-strict-dom:web/runtime.js"
      style={{}}
    >
      <span
        className="margin-x1ghz6dp padding-x1717udv textDecoration-x1hl2dhg textAlign-x16tdsg8 wordWrap-x1vvkbs"
        data-element-src="Radio/Radio.tsx:64"
        data-style-src="react-strict-dom:web/runtime.js"
        style={{}}
      >
        Option A
      </span>
      <span
        className="margin-x1ghz6dp padding-x1717udv textDecoration-x1hl2dhg textAlign-x16tdsg8 wordWrap-x1vvkbs"
        data-element-src="Radio/Radio.tsx:67"
        data-style-src="react-strict-dom:web/runtime.js"
        style={{}}
      >
        Description A
      </span>
    </div>
  </div>
  <div
    aria-checked={false}
    className="margin-x1ghz6dp padding-x1717udv"
    data-element-src="Radio/Radio.tsx:36"
    data-style-src="react-strict-dom:web/runtime.js"
    onClick={[Function]}
    role="radio"
    style={{}}
    tabIndex={0}
  >
    <div
      aria-hidden={true}
      className="margin-x1ghz6dp padding-x1717udv"
      data-element-src="Radio/Radio.tsx:50"
      data-style-src="react-strict-dom:web/runtime.js"
      style={{}}
    />
    <div
      className="margin-x1ghz6dp padding-x1717udv"
      data-element-src="Radio/Radio.tsx:62"
      data-style-src="react-strict-dom:web/runtime.js"
      style={{}}
    >
      <span
        className="margin-x1ghz6dp padding-x1717udv textDecoration-x1hl2dhg textAlign-x16tdsg8 wordWrap-x1vvkbs"
        data-element-src="Radio/Radio.tsx:64"
        data-style-src="react-strict-dom:web/runtime.js"
        style={{}}
      >
        Option B
      </span>
    </div>
  </div>
</div>
`;
