// Jest Snapshot v1, https://goo.gl/fbAQLP

exports[`ButtonFilter Component matches snapshot for primary variant 1`] = `
<View
  accessibilityState={
    {
      "busy": undefined,
      "checked": undefined,
      "disabled": undefined,
      "expanded": undefined,
      "selected": undefined,
    }
  }
  accessibilityValue={
    {
      "max": undefined,
      "min": undefined,
      "now": undefined,
      "text": undefined,
    }
  }
  accessible={true}
  collapsable={false}
  focusable={true}
  onBlur={[Function]}
  onClick={[Function]}
  onFocus={[Function]}
  onResponderGrant={[Function]}
  onResponderMove={[Function]}
  onResponderRelease={[Function]}
  onResponderTerminate={[Function]}
  onResponderTerminationRequest={[Function]}
  onStartShouldSetResponder={[Function]}
  style={
    [
      {
        "alignItems": "center",
        "borderRadius": 5,
        "flexDirection": "row",
        "fontFamily": "Inter",
        "fontSize": 12,
        "fontWeight": "400",
        "gap": 7,
        "padding": 4,
      },
      {
        "backgroundColor": "#779FA1",
      },
      false,
      false,
    ]
  }
>
  <Text
    testID="dummy-icon"
  >
    Icon 21 #2A3B3C
  </Text>
  <Text
    style={
      [
        {
          "fontFamily": "Inter",
          "fontSize": 16,
          "fontWeight": "400",
        },
        {
          "color": "#2A3B3C",
        },
        false,
      ]
    }
  >
    Filter Me
  </Text>
</View>
`;
