// Jest Snapshot v1, https://goo.gl/fbAQLP

exports[`InputField Component matches snapshot 1`] = `
<View
  accessibilityState={
    {
      "busy": undefined,
      "checked": undefined,
      "disabled": undefined,
      "expanded": undefined,
      "selected": undefined,
    }
  }
  accessibilityValue={
    {
      "max": undefined,
      "min": undefined,
      "now": undefined,
      "text": undefined,
    }
  }
  accessible={false}
  collapsable={false}
  focusable={true}
  onBlur={[Function]}
  onClick={[Function]}
  onFocus={[Function]}
  onResponderGrant={[Function]}
  onResponderMove={[Function]}
  onResponderRelease={[Function]}
  onResponderTerminate={[Function]}
  onResponderTerminationRequest={[Function]}
  onStartShouldSetResponder={[Function]}
  style={
    [
      {
        "alignItems": "center",
        "flexDirection": "row",
        "gap": 15,
        "padding": 20,
        "paddingBottom": 20,
        "paddingLeft": 12,
        "paddingRight": 10,
        "paddingTop": 20,
        "position": "relative",
        "width": "100%",
      },
      {},
      {
        "borderTopColor": "#BABABA",
        "borderTopWidth": 1,
      },
    ]
  }
>
  <View
    style={
      {
        "flex": 1,
        "flexDirection": "column",
      }
    }
  >
    <Text
      style={
        {
          "color": "#F6F6F6",
          "fontFamily": "Inter",
          "fontSize": 12,
          "fontWeight": "400",
        }
      }
    >
      Snapshot Label
    </Text>
    <View
      style={
        {
          "flex": 1,
          "marginTop": 5,
          "minHeight": 29,
          "position": "relative",
        }
      }
    >
      <TextInput
        accessible={true}
        editable={true}
        keyboardType="default"
        onBlur={[Function]}
        onChangeText={[Function]}
        onFocus={[Function]}
        placeholder="Enter snapshot"
        placeholderTextColor="#BABABA"
        secureTextEntry={true}
        style={
          [
            {
              "fontFamily": "Inter",
              "fontSize": 20,
              "fontWeight": "700",
            },
            {
              "color": "#F6F6F6",
            },
          ]
        }
        value="snapshot value"
      />
      <View
        pointerEvents="none"
        style={
          {
            "alignItems": "flex-start",
            "bottom": 0,
            "flex": 1,
            "flexDirection": "row",
            "left": 0,
            "overflow": "hidden",
            "position": "absolute",
            "right": 0,
            "top": 0,
          }
        }
      >
        <Text
          numberOfLines={1}
          style={
            [
              {
                "color": "#F6F6F6",
                "fontFamily": "Inter",
                "textAlign": "center",
              },
              {
                "fontSize": 20,
                "fontWeight": "700",
              },
            ]
          }
        >
          <Text>
            snapshot value
          </Text>
        </Text>
      </View>
    </View>
    <View
      style={
        {
          "alignItems": "center",
          "flexDirection": "row",
          "gap": 5,
          "marginTop": 2,
        }
      }
    >
      <RNSVGSvgView
        align="xMidYMid"
        bbHeight="10"
        bbWidth="10"
        fill="none"
        focusable={false}
        height="10"
        meetOrSlice={0}
        minX={0}
        minY={0}
        size="10"
        style={
          [
            {
              "backgroundColor": "transparent",
              "borderWidth": 0,
            },
            {
              "flex": 0,
              "height": 10,
              "width": 10,
            },
          ]
        }
        vbHeight={20}
        vbWidth={20}
        width="10"
        xmlns="http://www.w3.org/2000/svg"
      >
        <RNSVGGroup
          fill={null}
          propList={
            [
              "fill",
            ]
          }
        >
          <RNSVGPath
            d="M10 19C14.9706 19 19 14.9706 19 10C19 5.02944 14.9706 1 10 1C5.02944 1 1 5.02944 1 10C1 14.9706 5.02944 19 10 19Z"
            fill={
              {
                "payload": 4278190080,
                "type": 0,
              }
            }
            propList={
              [
                "stroke",
              ]
            }
            stroke={
              {
                "payload": 4291902269,
                "type": 0,
              }
            }
          />
          <RNSVGPath
            d="M11.2984 4.64795L11.0613 11.97H8.94356L8.70653 4.64795H11.2984ZM9.99986 15.3502C9.6323 15.3502 9.31627 15.2196 9.05176 14.9585C8.79069 14.6975 8.66016 14.3814 8.66016 14.0104C8.66016 13.6463 8.79069 13.3354 9.05176 13.0778C9.31627 12.8167 9.6323 12.6862 9.99986 12.6862C10.3537 12.6862 10.6646 12.8167 10.9325 13.0778C11.2039 13.3354 11.3396 13.6463 11.3396 14.0104C11.3396 14.2578 11.276 14.4828 11.1489 14.6855C11.0253 14.8881 10.8621 15.0496 10.6594 15.1698C10.4602 15.29 10.2403 15.3502 9.99986 15.3502Z"
            fill={
              {
                "payload": 4294375158,
                "type": 0,
              }
            }
            propList={
              [
                "fill",
              ]
            }
          />
        </RNSVGGroup>
      </RNSVGSvgView>
      <Text
        style={
          {
            "color": "#D65C5E",
            "fontFamily": "Inter",
            "fontSize": 10,
            "fontWeight": "500",
          }
        }
      >
        Snapshot error
      </Text>
    </View>
  </View>
</View>
`;
