// Jest Snapshot v1, https://goo.gl/fbAQLP

exports[`ButtonCreate Component matches snapshot 1`] = `
<View
  accessibilityState={
    {
      "busy": undefined,
      "checked": undefined,
      "disabled": undefined,
      "expanded": undefined,
      "selected": undefined,
    }
  }
  accessibilityValue={
    {
      "max": undefined,
      "min": undefined,
      "now": undefined,
      "text": undefined,
    }
  }
  accessible={true}
  activeOpacity={0.8}
  collapsable={false}
  focusable={true}
  onBlur={[Function]}
  onClick={[Function]}
  onFocus={[Function]}
  onResponderGrant={[Function]}
  onResponderMove={[Function]}
  onResponderRelease={[Function]}
  onResponderTerminate={[Function]}
  onResponderTerminationRequest={[Function]}
  onStartShouldSetResponder={[Function]}
  style={
    {
      "alignItems": "center",
      "alignSelf": "stretch",
      "backgroundColor": "#BADE5B",
      "borderRadius": 10,
      "flexDirection": "row",
      "justifyContent": "space-between",
      "padding": 15,
      "width": "100%",
    }
  }
>
  <RNSVGSvgView
    align="xMidYMid"
    bbHeight="21"
    bbWidth="21"
    color="#050B06"
    fill="none"
    focusable={false}
    height="21"
    meetOrSlice={0}
    minX={0}
    minY={0}
    size="21"
    style={
      [
        {
          "backgroundColor": "transparent",
          "borderWidth": 0,
        },
        {
          "flex": 0,
          "height": 21,
          "width": 21,
        },
      ]
    }
    testID="dummy-icon"
    vbHeight={25}
    vbWidth={25}
    width="21"
    xmlns="http://www.w3.org/2000/svg"
  >
    <RNSVGGroup
      fill={null}
      propList={
        [
          "fill",
        ]
      }
    >
      <RNSVGPath
        d="M3.19236 8.1636L4.25586 7.1001L12.5001 15.3443L20.7444 7.1001L21.8079 8.1636L12.5001 17.4713L3.19236 8.1636Z"
        fill={
          {
            "payload": 4278520582,
            "type": 0,
          }
        }
        propList={
          [
            "fill",
          ]
        }
      />
    </RNSVGGroup>
  </RNSVGSvgView>
  <Text
    style={
      {
        "color": "#050B06",
        "fontFamily": "Inter",
        "fontSize": 17,
        "fontWeight": "400",
      }
    }
  >
    Create
  </Text>
  <View />
</View>
`;
