// Jest Snapshot v1, https://goo.gl/fbAQLP

exports[`ButtonLittle Component matches snapshot 1`] = `
<View
  accessibilityState={
    {
      "busy": undefined,
      "checked": undefined,
      "disabled": undefined,
      "expanded": undefined,
      "selected": undefined,
    }
  }
  accessibilityValue={
    {
      "max": undefined,
      "min": undefined,
      "now": undefined,
      "text": undefined,
    }
  }
  accessible={true}
  activeOpacity={0.8}
  collapsable={false}
  focusable={true}
  onBlur={[Function]}
  onClick={[Function]}
  onFocus={[Function]}
  onResponderGrant={[Function]}
  onResponderMove={[Function]}
  onResponderRelease={[Function]}
  onResponderTerminate={[Function]}
  onResponderTerminationRequest={[Function]}
  onStartShouldSetResponder={[Function]}
  style={
    [
      {
        "alignItems": "center",
        "alignSelf": "flex-start",
        "borderWidth": 1,
        "flexDirection": "row",
        "gap": 10,
        "justifyContent": "center",
      },
      {
        "borderRadius": 15,
        "padding": 10,
      },
      {
        "backgroundColor": "#BADE5B",
        "borderColor": "#A3BB62",
      },
    ]
  }
>
  <Text
    testID="dummy-icon"
  >
    Icon 21 #050B06
  </Text>
  <Text
    style={
      [
        {
          "fontFamily": "Inter",
          "fontSize": 16,
          "fontWeight": "400",
        },
        {
          "color": "#050B06",
        },
      ]
    }
  >
    Little Button
  </Text>
</View>
`;
