// Jest Snapshot v1, https://goo.gl/fbAQLP

exports[`NoticeText Component matches snapshot for success type 1`] = `
<View
  style={
    {
      "alignItems": "center",
      "flexDirection": "row",
      "gap": 5,
      "justifyContent": "flex-start",
    }
  }
>
  <RNSVGSvgView
    align="xMidYMid"
    bbHeight="14"
    bbWidth="14"
    fill="none"
    focusable={false}
    height="14"
    meetOrSlice={0}
    minX={0}
    minY={0}
    size="14"
    style={
      [
        {
          "backgroundColor": "transparent",
          "borderWidth": 0,
        },
        {
          "flex": 0,
          "height": 14,
          "width": 14,
        },
      ]
    }
    vbHeight={24}
    vbWidth={24}
    width="14"
    xmlns="http://www.w3.org/2000/svg"
  >
    <RNSVGGroup
      fill={null}
      propList={
        [
          "fill",
        ]
      }
    >
      <RNSVGPath
        d="M12 21C16.9706 21 21 16.9706 21 12C21 7.02944 16.9706 3 12 3C7.02944 3 3 7.02944 3 12C3 16.9706 7.02944 21 12 21Z"
        fill={
          {
            "payload": 4288920418,
            "type": 0,
          }
        }
        propList={
          [
            "fill",
            "stroke",
          ]
        }
        stroke={
          {
            "payload": 4290436699,
            "type": 0,
          }
        }
      />
      <RNSVGPath
        d="M10.311 16.1445L6.38184 12.2154L7.36412 11.2331L10.311 14.18L16.6355 7.85547L17.6177 8.83775L10.311 16.1445Z"
        fill={
          {
            "payload": 4290436699,
            "type": 0,
          }
        }
        propList={
          [
            "fill",
          ]
        }
      />
    </RNSVGGroup>
  </RNSVGSvgView>
  <Text
    style={
      [
        {
          "fontFamily": "Inter",
          "fontSize": 14,
          "fontWeight": "500",
        },
        {
          "color": "#BADE5B",
        },
      ]
    }
  >
    Snapshot Success
  </Text>
</View>
`;
